// Jest Snapshot v1, https://goo.gl/fbAQLP

exports[`Entry point parse() should throw an error for invalid expressions 1`] = `"Unexpected token <end>"`;
