// Jest Snapshot v1, https://goo.gl/fbAQLP

exports[`Rule Tree should throw when adding a rule with a path of an invalid type 1`] = `"Path must be a string or an array of strings and/or symbols, got number"`;

exports[`Rule Tree should throw when adding a rule with a path part of an invalid type 1`] = `"Path part must be a string or a symbol, got object"`;
